
> truetickets@10.0 check
> tsc --noEmit

